╔══════════════════════════════════════════════════════════════════════════════╗
║ ◆ ORBITAL                                 Iteration 49/50  │  $95.00/$100.00 ║
╠══════════════════════════════════════════════════════════════════════════════╣
║ 1:Output                                                                     ║
╠══════════════════════════════════════════════════════════════════════════════╣
║                                                                              ║
║                                                                              ║
║                            Waiting for output...                             ║
║                                                                              ║
║                                                                              ║
║                                                                              ║
║                                                                              ║
╠══════════════════════════════════════════════════════════════════════════════╣
║  Tasks                                                                       ║
║  → Final task almost done                                                    ║
╠══════════════════════════════════════════════════════════════════════════════╣
║ [███████████████████░] Iteration 49/50 │ Step: implement (1/1)               ║
║ [███████████████████░] Tokens: 500,000 in / 250,000 out │ Cost: $95.00 / $100║
║ [░░░░░░░░░░░░░░░░░░░░] Context: 750,000/0 (0%)                               ║
╠══════════════════════════════════════════════════════════════════════════════╣
║ Spec: (none)                                                                 ║
║                                                                              ║
╚══════════════════════════════════════════════════════════════════════════════╝
  ↑/↓ scroll  ←/→ tab  1-9 jump  r reload  q quit