╔══════════════════════════════════════════════════════════════════════════════╗
║ ◆ ORBITAL                                    Iteration 1/50  │  $0.25/$10.00 ║
╠══════════════════════════════════════════════════════════════════════════════╣
║ 1:Output                                                                     ║
╠══════════════════════════════════════════════════════════════════════════════╣
║                                                                              ║
║                                                                              ║
║                            Waiting for output...                             ║
║                                                                              ║
║                                                                              ║
║                                                                              ║
║                                                                              ║
╠══════════════════════════════════════════════════════════════════════════════╣
║  Tasks                                                                       ║
║  → Set up authentication                                                     ║
╠══════════════════════════════════════════════════════════════════════════════╣
║ [░░░░░░░░░░░░░░░░░░░░] Iteration 1/50                                        ║
║ [░░░░░░░░░░░░░░░░░░░░] Tokens: 1,000 in / 500 out │ Cost: $0.25 / $10.00     ║
║ [░░░░░░░░░░░░░░░░░░░░] Context: 1,500/0 (0%)                                 ║
╠══════════════════════════════════════════════════════════════════════════════╣
║ Spec: (none)                                                                 ║
║                                                                              ║
╚══════════════════════════════════════════════════════════════════════════════╝
  ↑/↓ scroll  ←/→ tab  1-9 jump  r reload  q quit