╔══════════════════════════════════════════════════════════════════════════════╗
║ ◆ ORBITAL                                     Iteration 1/50  │  $0.00/$0.00 ║
╠══════════════════════════════════════════════════════════════════════════════╣
║ 1:Output                                                                     ║
╠══════════════════════════════════════════════════════════════════════════════╣
║                                                                              ║
║                                                                              ║
║                                                                              ║
║                                                                              ║
║                            Waiting for output...                             ║
║                                                                              ║
║                                                                              ║
║                                                                              ║
║                                                                              ║
║                                                                              ║
╠══════════════════════════════════════════════════════════════════════════════╣
║ [░░░░░░░░░░░░░░░░░░░░] Iteration 1/50                                        ║
║ [░░░░░░░░░░░░░░░░░░░░] Tokens: 0 in / 0 out │ Cost: $0.00 / $0.00            ║
║ [░░░░░░░░░░░░░░░░░░░░] Context: 0/0 (0%)                                     ║
╠══════════════════════════════════════════════════════════════════════════════╣
║ Spec: (none)                                                                 ║
║                                                                              ║
╚══════════════════════════════════════════════════════════════════════════════╝
  ↑/↓ scroll  ←/→ tab  1-9 jump  r reload  q quit