╔══════════════════════════════════════════════════════════════════════════════╗
║ ◆ ORBITAL                                    Iteration 5/50  │  $1.25/$10.00 ║
╠══════════════════════════════════════════════════════════════════════════════╣
║ 1:Output                                                                     ║
╠══════════════════════════════════════════════════════════════════════════════╣
║                                                                              ║
║                                                                              ║
║                                                                              ║
║                                                                              ║
║                            Waiting for output...                             ║
║                                                                              ║
║                                                                              ║
║                                                                              ║
║                                                                              ║
║                                                                              ║
╠══════════════════════════════════════════════════════════════════════════════╣
║  Tasks (scroll)                                                              ║
║  ● Task one completed                                                        ║
║  ● Task two completed                                                        ║
║  → Task three in progress                                                    ║
║  ○ Task four pending                                                         ║
║  ○ Task five pending                                                         ║
║  ○ Task six pending                                                          ║
╠══════════════════════════════════════════════════════════════════════════════╣
║ [██░░░░░░░░░░░░░░░░░░] Iteration 5/50                                        ║
║ [██░░░░░░░░░░░░░░░░░░] Tokens: 5,000 in / 2,500 out │ Cost: $1.25 / $10.00   ║
║ [░░░░░░░░░░░░░░░░░░░░] Context: 7,500/0 (0%)                                 ║
╠══════════════════════════════════════════════════════════════════════════════╣
║ Spec: (none)                                                                 ║
║                                                                              ║
╚══════════════════════════════════════════════════════════════════════════════╝
  ↑/↓ scroll  ←/→ tab  1-9 jump  r reload  q quit