╔══════════════════════════════════════════════════════════════════════════════╗
║ ◆ ORBITAL                                    Iteration 1/50  │  $0.25/$10.00 ║
╠══════════════════════════════════════════════════════════════════════════════╣
║ 1:Output                                                                     ║
╠══════════════════════════════════════════════════════════════════════════════╣
║                                                                              ║
║                                                                              ║
║                                                                              ║
║                                                                              ║
║                            Waiting for output...                             ║
║                                                                              ║
║                                                                              ║
║                                                                              ║
║                                                                              ║
║                                                                              ║
║                                                                              ║
╠══════════════════════════════════════════════════════════════════════════════╣
║ [░░░░░░░░░░░░░░░░░░░░] Iteration 1/50                                        ║
║ [░░░░░░░░░░░░░░░░░░░░] Tokens: 1,000 in / 500 out │ Cost: $0.25 / $10.00     ║
╠══════════════════════════════════════════════════════════════════════════════╣
║ Spec: ...es/on/and/on/specs/implementation-plan-for-feature-xyz.md           ║
║ Notes: ...structure/session-notes-2026-01-26.md │ State: .../with/many/levels║
╚══════════════════════════════════════════════════════════════════════════════╝
  ↑/↓ scroll  ←/→ tab  1-9 jump  r reload  q quit