╔══════════════════════════════════════════════════════════════════════════════╗
║ ◆ ORBITAL                                    Iteration 3/50  │  $0.75/$10.00 ║
╠══════════════════════════════════════════════════════════════════════════════╣
║ 1:Output                                                                     ║
╠══════════════════════════════════════════════════════════════════════════════╣
║  [32mSuccess:[0m Operation completed                                                ║
║  [31mError:[0m Something went wrong                                                 ║
║  [1mBold text[0m and normal text                                                   ║
║  [33;1mWarning:[0m Check your input                                                   ║
║  Plain text without any formatting                                           ║
║                                                                              ║
║                                                                              ║
║                                                                              ║
║                                                                              ║
║                                                                              ║
╠══════════════════════════════════════════════════════════════════════════════╣
║ [█░░░░░░░░░░░░░░░░░░░] Iteration 3/50                                        ║
║ [█░░░░░░░░░░░░░░░░░░░] Tokens: 3,000 in / 1,500 out │ Cost: $0.75 / $10.00   ║
║ [░░░░░░░░░░░░░░░░░░░░] Context: 4,500/0 (0%)                                 ║
╠══════════════════════════════════════════════════════════════════════════════╣
║ Spec: (none)                                                                 ║
║                                                                              ║
╚══════════════════════════════════════════════════════════════════════════════╝
  ↑/↓ scroll  ←/→ tab  1-9 jump  r reload  q quit